<?xml version="1.0" encoding="utf-8"?>
<TestRun id="25ca6791-7b34-48cf-9e36-2cc915ef45c3" name="piyus@ENTCUNE 2023-06-19 12:40:45" runUser="ENTCUNE\piyus" xmlns="http://microsoft.com/schemas/VisualStudio/TeamTest/2010">
  <Times creation="2023-06-19T12:40:45.4331158+05:30" queuing="2023-06-19T12:40:45.4331160+05:30" start="2023-06-19T12:40:44.3027740+05:30" finish="2023-06-19T12:40:45.5989428+05:30" />
  <TestSettings name="default" id="44d0fd92-b169-4ab8-8613-480f2dee3471">
    <Deployment runDeploymentRoot="piyus_ENTCUNE_2023-06-19_12_40_45" />
  </TestSettings>
  <Results>
    <UnitTestResult executionId="1a16bc9c-0139-47ed-bd99-74b844afc12a" testId="31d6f752-337a-2d20-c54e-dd1b78ef9bdb" testName="DeleteRecordById_ValidId_ReturnsOkResult" computerName="ENTCUNE" duration="00:00:00.1028940" startTime="2023-06-19T12:40:45.2125544+05:30" endTime="2023-06-19T12:40:45.3153622+05:30" testType="13cdc9d9-ddb5-4fa4-a97d-d965ccfc6d4b" outcome="Passed" testListId="8c84fa94-04c1-424b-9868-57a2d4851a1d" relativeResultsDirectory="1a16bc9c-0139-47ed-bd99-74b844afc12a" />
    <UnitTestResult executionId="a73696c6-a479-4984-837a-6132665c84e1" testId="ea93469f-b5b5-4693-f958-25a9d1237604" testName="SearchMovie_ValidMovieName_ReturnsListOfMovieDtos" computerName="ENTCUNE" duration="00:00:00.0073030" startTime="2023-06-19T12:40:45.4796148+05:30" endTime="2023-06-19T12:40:45.4869170+05:30" testType="13cdc9d9-ddb5-4fa4-a97d-d965ccfc6d4b" outcome="Passed" testListId="8c84fa94-04c1-424b-9868-57a2d4851a1d" relativeResultsDirectory="a73696c6-a479-4984-837a-6132665c84e1" />
    <UnitTestResult executionId="b50c8939-c5fe-4c77-aad8-647703f57a82" testId="5cb7c359-e0ad-658e-9c05-77d5b92564cb" testName="AddTicket_InvalidTicketDto_ReturnsFailureStatus" computerName="ENTCUNE" duration="00:00:00.0026800" startTime="2023-06-19T12:40:45.5086583+05:30" endTime="2023-06-19T12:40:45.5113382+05:30" testType="13cdc9d9-ddb5-4fa4-a97d-d965ccfc6d4b" outcome="Passed" testListId="8c84fa94-04c1-424b-9868-57a2d4851a1d" relativeResultsDirectory="b50c8939-c5fe-4c77-aad8-647703f57a82" />
    <UnitTestResult executionId="2d975315-8c07-464b-a700-bd0b325bdc37" testId="4f8f91bd-21fb-b74e-a4e7-e5b4c12e9042" testName="GetMovieById_InvalidMovieId_ThrowsException" computerName="ENTCUNE" duration="00:00:00.0048750" startTime="2023-06-19T12:40:45.4576595+05:30" endTime="2023-06-19T12:40:45.4625338+05:30" testType="13cdc9d9-ddb5-4fa4-a97d-d965ccfc6d4b" outcome="Passed" testListId="8c84fa94-04c1-424b-9868-57a2d4851a1d" relativeResultsDirectory="2d975315-8c07-464b-a700-bd0b325bdc37" />
    <UnitTestResult executionId="97ec06ba-4d28-4f0d-b664-1d5b2ec71541" testId="6be6730f-e1f8-5b43-ab2d-3975a7107e19" testName="ChangePassword_InvalidLoginId_ReturnsEmptyStatus" computerName="ENTCUNE" duration="00:00:00.0010900" startTime="2023-06-19T12:40:45.5248207+05:30" endTime="2023-06-19T12:40:45.5259101+05:30" testType="13cdc9d9-ddb5-4fa4-a97d-d965ccfc6d4b" outcome="Passed" testListId="8c84fa94-04c1-424b-9868-57a2d4851a1d" relativeResultsDirectory="97ec06ba-4d28-4f0d-b664-1d5b2ec71541" />
    <UnitTestResult executionId="0c1f2415-63eb-4393-b7b9-3885fb222cdb" testId="db683ed4-f2ac-3ac3-3edb-c0026edb81e8" testName="Register_ExistingUser_ReturnsBadRequest" computerName="ENTCUNE" duration="00:00:00.0084610" startTime="2023-06-19T12:40:45.3573592+05:30" endTime="2023-06-19T12:40:45.3658192+05:30" testType="13cdc9d9-ddb5-4fa4-a97d-d965ccfc6d4b" outcome="Passed" testListId="8c84fa94-04c1-424b-9868-57a2d4851a1d" relativeResultsDirectory="0c1f2415-63eb-4393-b7b9-3885fb222cdb" />
    <UnitTestResult executionId="2d574b08-632b-420b-8a27-929975ff7b0d" testId="8bc77013-bb20-41a1-d32b-49d4a37e349a" testName="AddUser_ExistingUser_ReturnsEmptyUserId" computerName="ENTCUNE" duration="00:00:00.0051880" startTime="2023-06-19T12:40:45.5129834+05:30" endTime="2023-06-19T12:40:45.5181706+05:30" testType="13cdc9d9-ddb5-4fa4-a97d-d965ccfc6d4b" outcome="Passed" testListId="8c84fa94-04c1-424b-9868-57a2d4851a1d" relativeResultsDirectory="2d574b08-632b-420b-8a27-929975ff7b0d" />
    <UnitTestResult executionId="0536cdf1-571b-404c-b70a-85cc1fc14680" testId="6d46981f-e911-ff0f-8021-2d23f9556cdf" testName="GetUserToken_InvalidCredentials_ReturnsEmptyUserTokenResponse" computerName="ENTCUNE" duration="00:00:00.0022889" startTime="2023-06-19T12:40:45.5274797+05:30" endTime="2023-06-19T12:40:45.5297684+05:30" testType="13cdc9d9-ddb5-4fa4-a97d-d965ccfc6d4b" outcome="Passed" testListId="8c84fa94-04c1-424b-9868-57a2d4851a1d" relativeResultsDirectory="0536cdf1-571b-404c-b70a-85cc1fc14680" />
    <UnitTestResult executionId="8ff1219c-e713-47fb-b626-5fbb555f92dd" testId="e5ab3ab7-ba0e-57a1-78f0-6ea64526d007" testName="UpdateMovieTicketStatus_ValidTicket_ReturnsOkResult" computerName="ENTCUNE" duration="00:00:00.0030900" startTime="2023-06-19T12:40:45.3323848+05:30" endTime="2023-06-19T12:40:45.3354748+05:30" testType="13cdc9d9-ddb5-4fa4-a97d-d965ccfc6d4b" outcome="Passed" testListId="8c84fa94-04c1-424b-9868-57a2d4851a1d" relativeResultsDirectory="8ff1219c-e713-47fb-b626-5fbb555f92dd" />
    <UnitTestResult executionId="50615c8a-6ba3-4b22-aa69-989c0923f87a" testId="21c5f28b-ade7-0ff1-6488-36c4f416999c" testName="AddTickets_TicketNotAdded_ReturnsBadRequest" computerName="ENTCUNE" duration="00:00:00.0045170" startTime="2023-06-19T12:40:45.3406957+05:30" endTime="2023-06-19T12:40:45.3452122+05:30" testType="13cdc9d9-ddb5-4fa4-a97d-d965ccfc6d4b" outcome="Passed" testListId="8c84fa94-04c1-424b-9868-57a2d4851a1d" relativeResultsDirectory="50615c8a-6ba3-4b22-aa69-989c0923f87a" />
    <UnitTestResult executionId="ee70ba9e-6836-401a-adbb-11700f8160b8" testId="5062c882-ded3-2526-92aa-6557fa7bb04b" testName="AddMovie_InvalidMovie_ReturnsEmptyMovieId" computerName="ENTCUNE" duration="00:00:00.0836430" startTime="2023-06-19T12:40:45.3681300+05:30" endTime="2023-06-19T12:40:45.4517726+05:30" testType="13cdc9d9-ddb5-4fa4-a97d-d965ccfc6d4b" outcome="Passed" testListId="8c84fa94-04c1-424b-9868-57a2d4851a1d" relativeResultsDirectory="ee70ba9e-6836-401a-adbb-11700f8160b8" />
    <UnitTestResult executionId="1dc6cc5b-71bc-40d1-8ac5-7d0647c34c9e" testId="b97728e7-2711-066f-2331-635a158d405a" testName="SearchMovie_ReturnsMatchingMovies" computerName="ENTCUNE" duration="00:00:00.0021980" startTime="2023-06-19T12:40:45.3264350+05:30" endTime="2023-06-19T12:40:45.3286329+05:30" testType="13cdc9d9-ddb5-4fa4-a97d-d965ccfc6d4b" outcome="Passed" testListId="8c84fa94-04c1-424b-9868-57a2d4851a1d" relativeResultsDirectory="1dc6cc5b-71bc-40d1-8ac5-7d0647c34c9e" />
    <UnitTestResult executionId="8f4ac4e6-13df-411a-9df4-e2a3fa836412" testId="6d679700-a779-455f-fed8-c901368ca640" testName="AddTicket_ValidTicketDto_ReturnsSuccessStatus" computerName="ENTCUNE" duration="00:00:00.0015030" startTime="2023-06-19T12:40:45.5113584+05:30" endTime="2023-06-19T12:40:45.5128607+05:30" testType="13cdc9d9-ddb5-4fa4-a97d-d965ccfc6d4b" outcome="Passed" testListId="8c84fa94-04c1-424b-9868-57a2d4851a1d" relativeResultsDirectory="8f4ac4e6-13df-411a-9df4-e2a3fa836412" />
    <UnitTestResult executionId="a705c474-8b5d-4dbc-8b75-df5e2236eab3" testId="f2fe159c-ab57-d666-eb67-a050aa0d6442" testName="ChangePassword_ValidLoginId_ReturnsSuccessStatus" computerName="ENTCUNE" duration="00:00:00.0015280" startTime="2023-06-19T12:40:45.5259292+05:30" endTime="2023-06-19T12:40:45.5274569+05:30" testType="13cdc9d9-ddb5-4fa4-a97d-d965ccfc6d4b" outcome="Passed" testListId="8c84fa94-04c1-424b-9868-57a2d4851a1d" relativeResultsDirectory="a705c474-8b5d-4dbc-8b75-df5e2236eab3" />
    <UnitTestResult executionId="f095a66a-0347-423c-af64-d00ac03d187f" testId="28168575-80ae-86b4-ea8a-5ef9edb04fc2" testName="SearchMovie_MovieNameNotFound_ReturnsEmptyList" computerName="ENTCUNE" duration="00:00:00.0080270" startTime="2023-06-19T12:40:45.4715567+05:30" endTime="2023-06-19T12:40:45.4795835+05:30" testType="13cdc9d9-ddb5-4fa4-a97d-d965ccfc6d4b" outcome="Passed" testListId="8c84fa94-04c1-424b-9868-57a2d4851a1d" relativeResultsDirectory="f095a66a-0347-423c-af64-d00ac03d187f" />
    <UnitTestResult executionId="b6b63b6d-ccd1-4655-9d2e-5f86ebc62705" testId="faba66a4-be4d-ff21-15e7-52129aeb8490" testName="ViewAllMovies_ReturnsListOfMovies" computerName="ENTCUNE" duration="00:00:00.0016480" startTime="2023-06-19T12:40:45.3354927+05:30" endTime="2023-06-19T12:40:45.3371403+05:30" testType="13cdc9d9-ddb5-4fa4-a97d-d965ccfc6d4b" outcome="Passed" testListId="8c84fa94-04c1-424b-9868-57a2d4851a1d" relativeResultsDirectory="b6b63b6d-ccd1-4655-9d2e-5f86ebc62705" />
    <UnitTestResult executionId="37fff9a0-c1aa-4a07-a37a-3c53b02d00b1" testId="cffaae01-571a-4b33-3873-5e6d62102ea9" testName="Register_ValidUser_ReturnsCreatedResult" computerName="ENTCUNE" duration="00:00:00.0020890" startTime="2023-06-19T12:40:45.3658486+05:30" endTime="2023-06-19T12:40:45.3679368+05:30" testType="13cdc9d9-ddb5-4fa4-a97d-d965ccfc6d4b" outcome="Passed" testListId="8c84fa94-04c1-424b-9868-57a2d4851a1d" relativeResultsDirectory="37fff9a0-c1aa-4a07-a37a-3c53b02d00b1" />
    <UnitTestResult executionId="2f1503da-63da-4316-a55e-2ba6b96308f0" testId="4ff4b286-9ed1-85f8-0d60-27bc6e9b7241" testName="DeleteMovieByNameAndId_ValidInputs_ReturnsSuccessfulResponse" computerName="ENTCUNE" duration="00:00:00.0028560" startTime="2023-06-19T12:40:45.4547681+05:30" endTime="2023-06-19T12:40:45.4576235+05:30" testType="13cdc9d9-ddb5-4fa4-a97d-d965ccfc6d4b" outcome="Passed" testListId="8c84fa94-04c1-424b-9868-57a2d4851a1d" relativeResultsDirectory="2f1503da-63da-4316-a55e-2ba6b96308f0" />
    <UnitTestResult executionId="aaf86886-df61-4cc9-b4b9-9912d3ba16f3" testId="6e5c259b-530c-3ea3-549e-22a604f23d97" testName="GetMovies_RepositoryReturnsMovies_ReturnsListOfMovieDtos" computerName="ENTCUNE" duration="00:00:00.0089630" startTime="2023-06-19T12:40:45.4625635+05:30" endTime="2023-06-19T12:40:45.4715264+05:30" testType="13cdc9d9-ddb5-4fa4-a97d-d965ccfc6d4b" outcome="Passed" testListId="8c84fa94-04c1-424b-9868-57a2d4851a1d" relativeResultsDirectory="aaf86886-df61-4cc9-b4b9-9912d3ba16f3" />
    <UnitTestResult executionId="7ebd20e4-0440-4b0d-8d52-fe2daf53cbfe" testId="6b7c6e7c-e170-7d5e-4fe9-e48bdae6de6b" testName="Forgot_ValidLoginIdAndNewPassword_ReturnsPasswordChangedStatus" computerName="ENTCUNE" duration="00:00:00.0054580" startTime="2023-06-19T12:40:45.3479847+05:30" endTime="2023-06-19T12:40:45.3534418+05:30" testType="13cdc9d9-ddb5-4fa4-a97d-d965ccfc6d4b" outcome="Passed" testListId="8c84fa94-04c1-424b-9868-57a2d4851a1d" relativeResultsDirectory="7ebd20e4-0440-4b0d-8d52-fe2daf53cbfe" />
    <UnitTestResult executionId="a107dd75-85e3-4ca1-a7eb-7809a3d25f83" testId="d60a3702-0358-0b54-8a1f-37c1ad583204" testName="SearchMovie_NoMoviesFound_ReturnsNoContent" computerName="ENTCUNE" duration="00:00:00.0085320" startTime="2023-06-19T12:40:45.3178537+05:30" endTime="2023-06-19T12:40:45.3263853+05:30" testType="13cdc9d9-ddb5-4fa4-a97d-d965ccfc6d4b" outcome="Passed" testListId="8c84fa94-04c1-424b-9868-57a2d4851a1d" relativeResultsDirectory="a107dd75-85e3-4ca1-a7eb-7809a3d25f83" />
    <UnitTestResult executionId="2ea8e67e-0f2c-485d-9240-bd7d67c133f9" testId="d5fed88a-3f35-ce40-d683-743a5259a59c" testName="AddMovie_ValidMovie_ReturnsNonEmptyMovieId" computerName="ENTCUNE" duration="00:00:00.0029500" startTime="2023-06-19T12:40:45.4517963+05:30" endTime="2023-06-19T12:40:45.4547458+05:30" testType="13cdc9d9-ddb5-4fa4-a97d-d965ccfc6d4b" outcome="Passed" testListId="8c84fa94-04c1-424b-9868-57a2d4851a1d" relativeResultsDirectory="2ea8e67e-0f2c-485d-9240-bd7d67c133f9" />
    <UnitTestResult executionId="37ce838e-8a1c-40c1-b8d1-5f9a9a73b635" testId="30492b54-ca9f-b4b7-e18d-b3faa0b71416" testName="ViewAllMovies_ReturnsNoContent_WhenNoMoviesExist" computerName="ENTCUNE" duration="00:00:00.0007300" startTime="2023-06-19T12:40:45.3371592+05:30" endTime="2023-06-19T12:40:45.3378889+05:30" testType="13cdc9d9-ddb5-4fa4-a97d-d965ccfc6d4b" outcome="Passed" testListId="8c84fa94-04c1-424b-9868-57a2d4851a1d" relativeResultsDirectory="37ce838e-8a1c-40c1-b8d1-5f9a9a73b635" />
    <UnitTestResult executionId="b1e8872a-11c7-4ef9-a2bf-1505173c3c9f" testId="a3c421ff-b463-dfec-c32e-d5ee4f91cb8d" testName="AddUser_NewUser_ReturnsUserId" computerName="ENTCUNE" duration="00:00:00.0042140" startTime="2023-06-19T12:40:45.5181975+05:30" endTime="2023-06-19T12:40:45.5224105+05:30" testType="13cdc9d9-ddb5-4fa4-a97d-d965ccfc6d4b" outcome="Passed" testListId="8c84fa94-04c1-424b-9868-57a2d4851a1d" relativeResultsDirectory="b1e8872a-11c7-4ef9-a2bf-1505173c3c9f" />
    <UnitTestResult executionId="dfd59354-cc16-48ab-8993-86d5e559bdd0" testId="7666eef7-09b7-b008-18b6-a886b40ae2a2" testName="Login_ValidCredentials_ReturnsToken" computerName="ENTCUNE" duration="00:00:00.0038750" startTime="2023-06-19T12:40:45.3534660+05:30" endTime="2023-06-19T12:40:45.3573401+05:30" testType="13cdc9d9-ddb5-4fa4-a97d-d965ccfc6d4b" outcome="Passed" testListId="8c84fa94-04c1-424b-9868-57a2d4851a1d" relativeResultsDirectory="dfd59354-cc16-48ab-8993-86d5e559bdd0" />
    <UnitTestResult executionId="dfcaa4d5-c5bb-4c8c-bac1-721cd1d5bbce" testId="4869d4ac-5a5f-b3c9-3e6a-fcf59d8fff93" testName="GetUserToken_ValidCredentials_ReturnsUserTokenResponse" computerName="ENTCUNE" duration="00:00:00.0025760" startTime="2023-06-19T12:40:45.5297916+05:30" endTime="2023-06-19T12:40:45.5323670+05:30" testType="13cdc9d9-ddb5-4fa4-a97d-d965ccfc6d4b" outcome="Passed" testListId="8c84fa94-04c1-424b-9868-57a2d4851a1d" relativeResultsDirectory="dfcaa4d5-c5bb-4c8c-bac1-721cd1d5bbce" />
    <UnitTestResult executionId="88b5dc31-c229-48c9-b407-c9fa5726df66" testId="04679873-a0c1-d101-f658-c8730580b773" testName="AddTicket_ExceptionThrown_ReturnsEmptyStatus" computerName="ENTCUNE" duration="00:00:00.0183150" startTime="2023-06-19T12:40:45.4903197+05:30" endTime="2023-06-19T12:40:45.5086342+05:30" testType="13cdc9d9-ddb5-4fa4-a97d-d965ccfc6d4b" outcome="Passed" testListId="8c84fa94-04c1-424b-9868-57a2d4851a1d" relativeResultsDirectory="88b5dc31-c229-48c9-b407-c9fa5726df66" />
    <UnitTestResult executionId="ba38b24b-db8d-4097-9015-2b3da9a08e5d" testId="c13f92a1-b54b-1deb-5434-1998e04c2784" testName="UpdateMovieTicketStatus_TicketStatusUpdateFailed_ReturnsBadRequest" computerName="ENTCUNE" duration="00:00:00.0036870" startTime="2023-06-19T12:40:45.3286714+05:30" endTime="2023-06-19T12:40:45.3323576+05:30" testType="13cdc9d9-ddb5-4fa4-a97d-d965ccfc6d4b" outcome="Passed" testListId="8c84fa94-04c1-424b-9868-57a2d4851a1d" relativeResultsDirectory="ba38b24b-db8d-4097-9015-2b3da9a08e5d" />
    <UnitTestResult executionId="4ff2d323-99df-4263-bd20-7220f89b9929" testId="6d560555-7a8d-12f8-22e7-ca333b01c65f" testName="ChangePassword_ExceptionThrown_ReturnsEmptyStatus" computerName="ENTCUNE" duration="00:00:00.0023680" startTime="2023-06-19T12:40:45.5224340+05:30" endTime="2023-06-19T12:40:45.5248015+05:30" testType="13cdc9d9-ddb5-4fa4-a97d-d965ccfc6d4b" outcome="Passed" testListId="8c84fa94-04c1-424b-9868-57a2d4851a1d" relativeResultsDirectory="4ff2d323-99df-4263-bd20-7220f89b9929" />
    <UnitTestResult executionId="789bb05f-cadb-4c92-a33d-df1ddf4c7a46" testId="cf952ec8-0ced-3b76-2be9-33fdc7756c5e" testName="UpdateMovieTicketStatus_ValidInputs_ReturnsSuccessfulResponse" computerName="ENTCUNE" duration="00:00:00.0032210" startTime="2023-06-19T12:40:45.4869550+05:30" endTime="2023-06-19T12:40:45.4901753+05:30" testType="13cdc9d9-ddb5-4fa4-a97d-d965ccfc6d4b" outcome="Passed" testListId="8c84fa94-04c1-424b-9868-57a2d4851a1d" relativeResultsDirectory="789bb05f-cadb-4c92-a33d-df1ddf4c7a46" />
    <UnitTestResult executionId="0c6b3904-4b91-480a-b6c3-ac661964acea" testId="bd8febb8-7ff1-b47a-69d4-23dbc555d726" testName="AddTickets_ValidTicket_ReturnsOkResult" computerName="ENTCUNE" duration="00:00:00.0024910" startTime="2023-06-19T12:40:45.3452439+05:30" endTime="2023-06-19T12:40:45.3477345+05:30" testType="13cdc9d9-ddb5-4fa4-a97d-d965ccfc6d4b" outcome="Passed" testListId="8c84fa94-04c1-424b-9868-57a2d4851a1d" relativeResultsDirectory="0c6b3904-4b91-480a-b6c3-ac661964acea" />
  </Results>
  <TestDefinitions>
    <UnitTest name="AddTicket_InvalidTicketDto_ReturnsFailureStatus" storage="c:\users\piyus\onedrive\desktop\moviebookingapp\moviebookingapp.tests\bin\debug\net7.0\moviebookingapp.tests.dll" id="5cb7c359-e0ad-658e-9c05-77d5b92564cb">
      <Execution id="b50c8939-c5fe-4c77-aad8-647703f57a82" />
      <TestMethod codeBase="C:\Users\piyus\OneDrive\Desktop\MovieBookingApp\MovieBookingApp.Tests\bin\Debug\net7.0\MovieBookingApp.Tests.dll" adapterTypeName="executor://nunit3testexecutor/" className="MovieBookingApp.Tests.Services.TicketServiceTests" name="AddTicket_InvalidTicketDto_ReturnsFailureStatus" />
    </UnitTest>
    <UnitTest name="GetMovies_RepositoryReturnsMovies_ReturnsListOfMovieDtos" storage="c:\users\piyus\onedrive\desktop\moviebookingapp\moviebookingapp.tests\bin\debug\net7.0\moviebookingapp.tests.dll" id="6e5c259b-530c-3ea3-549e-22a604f23d97">
      <Execution id="aaf86886-df61-4cc9-b4b9-9912d3ba16f3" />
      <TestMethod codeBase="C:\Users\piyus\OneDrive\Desktop\MovieBookingApp\MovieBookingApp.Tests\bin\Debug\net7.0\MovieBookingApp.Tests.dll" adapterTypeName="executor://nunit3testexecutor/" className="MovieBookingApp.Tests.Services.MovieServiceTests" name="GetMovies_RepositoryReturnsMovies_ReturnsListOfMovieDtos" />
    </UnitTest>
    <UnitTest name="AddMovie_ValidMovie_ReturnsNonEmptyMovieId" storage="c:\users\piyus\onedrive\desktop\moviebookingapp\moviebookingapp.tests\bin\debug\net7.0\moviebookingapp.tests.dll" id="d5fed88a-3f35-ce40-d683-743a5259a59c">
      <Execution id="2ea8e67e-0f2c-485d-9240-bd7d67c133f9" />
      <TestMethod codeBase="C:\Users\piyus\OneDrive\Desktop\MovieBookingApp\MovieBookingApp.Tests\bin\Debug\net7.0\MovieBookingApp.Tests.dll" adapterTypeName="executor://nunit3testexecutor/" className="MovieBookingApp.Tests.Services.MovieServiceTests" name="AddMovie_ValidMovie_ReturnsNonEmptyMovieId" />
    </UnitTest>
    <UnitTest name="DeleteMovieByNameAndId_ValidInputs_ReturnsSuccessfulResponse" storage="c:\users\piyus\onedrive\desktop\moviebookingapp\moviebookingapp.tests\bin\debug\net7.0\moviebookingapp.tests.dll" id="4ff4b286-9ed1-85f8-0d60-27bc6e9b7241">
      <Execution id="2f1503da-63da-4316-a55e-2ba6b96308f0" />
      <TestMethod codeBase="C:\Users\piyus\OneDrive\Desktop\MovieBookingApp\MovieBookingApp.Tests\bin\Debug\net7.0\MovieBookingApp.Tests.dll" adapterTypeName="executor://nunit3testexecutor/" className="MovieBookingApp.Tests.Services.MovieServiceTests" name="DeleteMovieByNameAndId_ValidInputs_ReturnsSuccessfulResponse" />
    </UnitTest>
    <UnitTest name="GetUserToken_InvalidCredentials_ReturnsEmptyUserTokenResponse" storage="c:\users\piyus\onedrive\desktop\moviebookingapp\moviebookingapp.tests\bin\debug\net7.0\moviebookingapp.tests.dll" id="6d46981f-e911-ff0f-8021-2d23f9556cdf">
      <Execution id="0536cdf1-571b-404c-b70a-85cc1fc14680" />
      <TestMethod codeBase="C:\Users\piyus\OneDrive\Desktop\MovieBookingApp\MovieBookingApp.Tests\bin\Debug\net7.0\MovieBookingApp.Tests.dll" adapterTypeName="executor://nunit3testexecutor/" className="MovieBookingApp.Tests.Services.UserServiceTests" name="GetUserToken_InvalidCredentials_ReturnsEmptyUserTokenResponse" />
    </UnitTest>
    <UnitTest name="AddTicket_ExceptionThrown_ReturnsEmptyStatus" storage="c:\users\piyus\onedrive\desktop\moviebookingapp\moviebookingapp.tests\bin\debug\net7.0\moviebookingapp.tests.dll" id="04679873-a0c1-d101-f658-c8730580b773">
      <Execution id="88b5dc31-c229-48c9-b407-c9fa5726df66" />
      <TestMethod codeBase="C:\Users\piyus\OneDrive\Desktop\MovieBookingApp\MovieBookingApp.Tests\bin\Debug\net7.0\MovieBookingApp.Tests.dll" adapterTypeName="executor://nunit3testexecutor/" className="MovieBookingApp.Tests.Services.TicketServiceTests" name="AddTicket_ExceptionThrown_ReturnsEmptyStatus" />
    </UnitTest>
    <UnitTest name="ChangePassword_ValidLoginId_ReturnsSuccessStatus" storage="c:\users\piyus\onedrive\desktop\moviebookingapp\moviebookingapp.tests\bin\debug\net7.0\moviebookingapp.tests.dll" id="f2fe159c-ab57-d666-eb67-a050aa0d6442">
      <Execution id="a705c474-8b5d-4dbc-8b75-df5e2236eab3" />
      <TestMethod codeBase="C:\Users\piyus\OneDrive\Desktop\MovieBookingApp\MovieBookingApp.Tests\bin\Debug\net7.0\MovieBookingApp.Tests.dll" adapterTypeName="executor://nunit3testexecutor/" className="MovieBookingApp.Tests.Services.UserServiceTests" name="ChangePassword_ValidLoginId_ReturnsSuccessStatus" />
    </UnitTest>
    <UnitTest name="GetUserToken_ValidCredentials_ReturnsUserTokenResponse" storage="c:\users\piyus\onedrive\desktop\moviebookingapp\moviebookingapp.tests\bin\debug\net7.0\moviebookingapp.tests.dll" id="4869d4ac-5a5f-b3c9-3e6a-fcf59d8fff93">
      <Execution id="dfcaa4d5-c5bb-4c8c-bac1-721cd1d5bbce" />
      <TestMethod codeBase="C:\Users\piyus\OneDrive\Desktop\MovieBookingApp\MovieBookingApp.Tests\bin\Debug\net7.0\MovieBookingApp.Tests.dll" adapterTypeName="executor://nunit3testexecutor/" className="MovieBookingApp.Tests.Services.UserServiceTests" name="GetUserToken_ValidCredentials_ReturnsUserTokenResponse" />
    </UnitTest>
    <UnitTest name="UpdateMovieTicketStatus_ValidInputs_ReturnsSuccessfulResponse" storage="c:\users\piyus\onedrive\desktop\moviebookingapp\moviebookingapp.tests\bin\debug\net7.0\moviebookingapp.tests.dll" id="cf952ec8-0ced-3b76-2be9-33fdc7756c5e">
      <Execution id="789bb05f-cadb-4c92-a33d-df1ddf4c7a46" />
      <TestMethod codeBase="C:\Users\piyus\OneDrive\Desktop\MovieBookingApp\MovieBookingApp.Tests\bin\Debug\net7.0\MovieBookingApp.Tests.dll" adapterTypeName="executor://nunit3testexecutor/" className="MovieBookingApp.Tests.Services.MovieServiceTests" name="UpdateMovieTicketStatus_ValidInputs_ReturnsSuccessfulResponse" />
    </UnitTest>
    <UnitTest name="AddUser_NewUser_ReturnsUserId" storage="c:\users\piyus\onedrive\desktop\moviebookingapp\moviebookingapp.tests\bin\debug\net7.0\moviebookingapp.tests.dll" id="a3c421ff-b463-dfec-c32e-d5ee4f91cb8d">
      <Execution id="b1e8872a-11c7-4ef9-a2bf-1505173c3c9f" />
      <TestMethod codeBase="C:\Users\piyus\OneDrive\Desktop\MovieBookingApp\MovieBookingApp.Tests\bin\Debug\net7.0\MovieBookingApp.Tests.dll" adapterTypeName="executor://nunit3testexecutor/" className="MovieBookingApp.Tests.Services.UserServiceTests" name="AddUser_NewUser_ReturnsUserId" />
    </UnitTest>
    <UnitTest name="ViewAllMovies_ReturnsListOfMovies" storage="c:\users\piyus\onedrive\desktop\moviebookingapp\moviebookingapp.tests\bin\debug\net7.0\moviebookingapp.tests.dll" id="faba66a4-be4d-ff21-15e7-52129aeb8490">
      <Execution id="b6b63b6d-ccd1-4655-9d2e-5f86ebc62705" />
      <TestMethod codeBase="C:\Users\piyus\OneDrive\Desktop\MovieBookingApp\MovieBookingApp.Tests\bin\Debug\net7.0\MovieBookingApp.Tests.dll" adapterTypeName="executor://nunit3testexecutor/" className="MovieBookingApp.Tests.Controllers.MovieControllerTests" name="ViewAllMovies_ReturnsListOfMovies" />
    </UnitTest>
    <UnitTest name="SearchMovie_ValidMovieName_ReturnsListOfMovieDtos" storage="c:\users\piyus\onedrive\desktop\moviebookingapp\moviebookingapp.tests\bin\debug\net7.0\moviebookingapp.tests.dll" id="ea93469f-b5b5-4693-f958-25a9d1237604">
      <Execution id="a73696c6-a479-4984-837a-6132665c84e1" />
      <TestMethod codeBase="C:\Users\piyus\OneDrive\Desktop\MovieBookingApp\MovieBookingApp.Tests\bin\Debug\net7.0\MovieBookingApp.Tests.dll" adapterTypeName="executor://nunit3testexecutor/" className="MovieBookingApp.Tests.Services.MovieServiceTests" name="SearchMovie_ValidMovieName_ReturnsListOfMovieDtos" />
    </UnitTest>
    <UnitTest name="Register_ExistingUser_ReturnsBadRequest" storage="c:\users\piyus\onedrive\desktop\moviebookingapp\moviebookingapp.tests\bin\debug\net7.0\moviebookingapp.tests.dll" id="db683ed4-f2ac-3ac3-3edb-c0026edb81e8">
      <Execution id="0c1f2415-63eb-4393-b7b9-3885fb222cdb" />
      <TestMethod codeBase="C:\Users\piyus\OneDrive\Desktop\MovieBookingApp\MovieBookingApp.Tests\bin\Debug\net7.0\MovieBookingApp.Tests.dll" adapterTypeName="executor://nunit3testexecutor/" className="MovieBookingApp.Tests.Controllers.UserControllerTests" name="Register_ExistingUser_ReturnsBadRequest" />
    </UnitTest>
    <UnitTest name="AddUser_ExistingUser_ReturnsEmptyUserId" storage="c:\users\piyus\onedrive\desktop\moviebookingapp\moviebookingapp.tests\bin\debug\net7.0\moviebookingapp.tests.dll" id="8bc77013-bb20-41a1-d32b-49d4a37e349a">
      <Execution id="2d574b08-632b-420b-8a27-929975ff7b0d" />
      <TestMethod codeBase="C:\Users\piyus\OneDrive\Desktop\MovieBookingApp\MovieBookingApp.Tests\bin\Debug\net7.0\MovieBookingApp.Tests.dll" adapterTypeName="executor://nunit3testexecutor/" className="MovieBookingApp.Tests.Services.UserServiceTests" name="AddUser_ExistingUser_ReturnsEmptyUserId" />
    </UnitTest>
    <UnitTest name="Forgot_ValidLoginIdAndNewPassword_ReturnsPasswordChangedStatus" storage="c:\users\piyus\onedrive\desktop\moviebookingapp\moviebookingapp.tests\bin\debug\net7.0\moviebookingapp.tests.dll" id="6b7c6e7c-e170-7d5e-4fe9-e48bdae6de6b">
      <Execution id="7ebd20e4-0440-4b0d-8d52-fe2daf53cbfe" />
      <TestMethod codeBase="C:\Users\piyus\OneDrive\Desktop\MovieBookingApp\MovieBookingApp.Tests\bin\Debug\net7.0\MovieBookingApp.Tests.dll" adapterTypeName="executor://nunit3testexecutor/" className="MovieBookingApp.Tests.Controllers.UserControllerTests" name="Forgot_ValidLoginIdAndNewPassword_ReturnsPasswordChangedStatus" />
    </UnitTest>
    <UnitTest name="ChangePassword_InvalidLoginId_ReturnsEmptyStatus" storage="c:\users\piyus\onedrive\desktop\moviebookingapp\moviebookingapp.tests\bin\debug\net7.0\moviebookingapp.tests.dll" id="6be6730f-e1f8-5b43-ab2d-3975a7107e19">
      <Execution id="97ec06ba-4d28-4f0d-b664-1d5b2ec71541" />
      <TestMethod codeBase="C:\Users\piyus\OneDrive\Desktop\MovieBookingApp\MovieBookingApp.Tests\bin\Debug\net7.0\MovieBookingApp.Tests.dll" adapterTypeName="executor://nunit3testexecutor/" className="MovieBookingApp.Tests.Services.UserServiceTests" name="ChangePassword_InvalidLoginId_ReturnsEmptyStatus" />
    </UnitTest>
    <UnitTest name="Register_ValidUser_ReturnsCreatedResult" storage="c:\users\piyus\onedrive\desktop\moviebookingapp\moviebookingapp.tests\bin\debug\net7.0\moviebookingapp.tests.dll" id="cffaae01-571a-4b33-3873-5e6d62102ea9">
      <Execution id="37fff9a0-c1aa-4a07-a37a-3c53b02d00b1" />
      <TestMethod codeBase="C:\Users\piyus\OneDrive\Desktop\MovieBookingApp\MovieBookingApp.Tests\bin\Debug\net7.0\MovieBookingApp.Tests.dll" adapterTypeName="executor://nunit3testexecutor/" className="MovieBookingApp.Tests.Controllers.UserControllerTests" name="Register_ValidUser_ReturnsCreatedResult" />
    </UnitTest>
    <UnitTest name="DeleteRecordById_ValidId_ReturnsOkResult" storage="c:\users\piyus\onedrive\desktop\moviebookingapp\moviebookingapp.tests\bin\debug\net7.0\moviebookingapp.tests.dll" id="31d6f752-337a-2d20-c54e-dd1b78ef9bdb">
      <Execution id="1a16bc9c-0139-47ed-bd99-74b844afc12a" />
      <TestMethod codeBase="C:\Users\piyus\OneDrive\Desktop\MovieBookingApp\MovieBookingApp.Tests\bin\Debug\net7.0\MovieBookingApp.Tests.dll" adapterTypeName="executor://nunit3testexecutor/" className="MovieBookingApp.Tests.Controllers.MovieControllerTests" name="DeleteRecordById_ValidId_ReturnsOkResult" />
    </UnitTest>
    <UnitTest name="UpdateMovieTicketStatus_ValidTicket_ReturnsOkResult" storage="c:\users\piyus\onedrive\desktop\moviebookingapp\moviebookingapp.tests\bin\debug\net7.0\moviebookingapp.tests.dll" id="e5ab3ab7-ba0e-57a1-78f0-6ea64526d007">
      <Execution id="8ff1219c-e713-47fb-b626-5fbb555f92dd" />
      <TestMethod codeBase="C:\Users\piyus\OneDrive\Desktop\MovieBookingApp\MovieBookingApp.Tests\bin\Debug\net7.0\MovieBookingApp.Tests.dll" adapterTypeName="executor://nunit3testexecutor/" className="MovieBookingApp.Tests.Controllers.MovieControllerTests" name="UpdateMovieTicketStatus_ValidTicket_ReturnsOkResult" />
    </UnitTest>
    <UnitTest name="UpdateMovieTicketStatus_TicketStatusUpdateFailed_ReturnsBadRequest" storage="c:\users\piyus\onedrive\desktop\moviebookingapp\moviebookingapp.tests\bin\debug\net7.0\moviebookingapp.tests.dll" id="c13f92a1-b54b-1deb-5434-1998e04c2784">
      <Execution id="ba38b24b-db8d-4097-9015-2b3da9a08e5d" />
      <TestMethod codeBase="C:\Users\piyus\OneDrive\Desktop\MovieBookingApp\MovieBookingApp.Tests\bin\Debug\net7.0\MovieBookingApp.Tests.dll" adapterTypeName="executor://nunit3testexecutor/" className="MovieBookingApp.Tests.Controllers.MovieControllerTests" name="UpdateMovieTicketStatus_TicketStatusUpdateFailed_ReturnsBadRequest" />
    </UnitTest>
    <UnitTest name="SearchMovie_ReturnsMatchingMovies" storage="c:\users\piyus\onedrive\desktop\moviebookingapp\moviebookingapp.tests\bin\debug\net7.0\moviebookingapp.tests.dll" id="b97728e7-2711-066f-2331-635a158d405a">
      <Execution id="1dc6cc5b-71bc-40d1-8ac5-7d0647c34c9e" />
      <TestMethod codeBase="C:\Users\piyus\OneDrive\Desktop\MovieBookingApp\MovieBookingApp.Tests\bin\Debug\net7.0\MovieBookingApp.Tests.dll" adapterTypeName="executor://nunit3testexecutor/" className="MovieBookingApp.Tests.Controllers.MovieControllerTests" name="SearchMovie_ReturnsMatchingMovies" />
    </UnitTest>
    <UnitTest name="ChangePassword_ExceptionThrown_ReturnsEmptyStatus" storage="c:\users\piyus\onedrive\desktop\moviebookingapp\moviebookingapp.tests\bin\debug\net7.0\moviebookingapp.tests.dll" id="6d560555-7a8d-12f8-22e7-ca333b01c65f">
      <Execution id="4ff2d323-99df-4263-bd20-7220f89b9929" />
      <TestMethod codeBase="C:\Users\piyus\OneDrive\Desktop\MovieBookingApp\MovieBookingApp.Tests\bin\Debug\net7.0\MovieBookingApp.Tests.dll" adapterTypeName="executor://nunit3testexecutor/" className="MovieBookingApp.Tests.Services.UserServiceTests" name="ChangePassword_ExceptionThrown_ReturnsEmptyStatus" />
    </UnitTest>
    <UnitTest name="GetMovieById_InvalidMovieId_ThrowsException" storage="c:\users\piyus\onedrive\desktop\moviebookingapp\moviebookingapp.tests\bin\debug\net7.0\moviebookingapp.tests.dll" id="4f8f91bd-21fb-b74e-a4e7-e5b4c12e9042">
      <Execution id="2d975315-8c07-464b-a700-bd0b325bdc37" />
      <TestMethod codeBase="C:\Users\piyus\OneDrive\Desktop\MovieBookingApp\MovieBookingApp.Tests\bin\Debug\net7.0\MovieBookingApp.Tests.dll" adapterTypeName="executor://nunit3testexecutor/" className="MovieBookingApp.Tests.Services.MovieServiceTests" name="GetMovieById_InvalidMovieId_ThrowsException" />
    </UnitTest>
    <UnitTest name="AddTicket_ValidTicketDto_ReturnsSuccessStatus" storage="c:\users\piyus\onedrive\desktop\moviebookingapp\moviebookingapp.tests\bin\debug\net7.0\moviebookingapp.tests.dll" id="6d679700-a779-455f-fed8-c901368ca640">
      <Execution id="8f4ac4e6-13df-411a-9df4-e2a3fa836412" />
      <TestMethod codeBase="C:\Users\piyus\OneDrive\Desktop\MovieBookingApp\MovieBookingApp.Tests\bin\Debug\net7.0\MovieBookingApp.Tests.dll" adapterTypeName="executor://nunit3testexecutor/" className="MovieBookingApp.Tests.Services.TicketServiceTests" name="AddTicket_ValidTicketDto_ReturnsSuccessStatus" />
    </UnitTest>
    <UnitTest name="AddTickets_ValidTicket_ReturnsOkResult" storage="c:\users\piyus\onedrive\desktop\moviebookingapp\moviebookingapp.tests\bin\debug\net7.0\moviebookingapp.tests.dll" id="bd8febb8-7ff1-b47a-69d4-23dbc555d726">
      <Execution id="0c6b3904-4b91-480a-b6c3-ac661964acea" />
      <TestMethod codeBase="C:\Users\piyus\OneDrive\Desktop\MovieBookingApp\MovieBookingApp.Tests\bin\Debug\net7.0\MovieBookingApp.Tests.dll" adapterTypeName="executor://nunit3testexecutor/" className="MovieBookingApp.Tests.Controllers.TicketControllerTests" name="AddTickets_ValidTicket_ReturnsOkResult" />
    </UnitTest>
    <UnitTest name="AddMovie_InvalidMovie_ReturnsEmptyMovieId" storage="c:\users\piyus\onedrive\desktop\moviebookingapp\moviebookingapp.tests\bin\debug\net7.0\moviebookingapp.tests.dll" id="5062c882-ded3-2526-92aa-6557fa7bb04b">
      <Execution id="ee70ba9e-6836-401a-adbb-11700f8160b8" />
      <TestMethod codeBase="C:\Users\piyus\OneDrive\Desktop\MovieBookingApp\MovieBookingApp.Tests\bin\Debug\net7.0\MovieBookingApp.Tests.dll" adapterTypeName="executor://nunit3testexecutor/" className="MovieBookingApp.Tests.Services.MovieServiceTests" name="AddMovie_InvalidMovie_ReturnsEmptyMovieId" />
    </UnitTest>
    <UnitTest name="Login_ValidCredentials_ReturnsToken" storage="c:\users\piyus\onedrive\desktop\moviebookingapp\moviebookingapp.tests\bin\debug\net7.0\moviebookingapp.tests.dll" id="7666eef7-09b7-b008-18b6-a886b40ae2a2">
      <Execution id="dfd59354-cc16-48ab-8993-86d5e559bdd0" />
      <TestMethod codeBase="C:\Users\piyus\OneDrive\Desktop\MovieBookingApp\MovieBookingApp.Tests\bin\Debug\net7.0\MovieBookingApp.Tests.dll" adapterTypeName="executor://nunit3testexecutor/" className="MovieBookingApp.Tests.Controllers.UserControllerTests" name="Login_ValidCredentials_ReturnsToken" />
    </UnitTest>
    <UnitTest name="SearchMovie_MovieNameNotFound_ReturnsEmptyList" storage="c:\users\piyus\onedrive\desktop\moviebookingapp\moviebookingapp.tests\bin\debug\net7.0\moviebookingapp.tests.dll" id="28168575-80ae-86b4-ea8a-5ef9edb04fc2">
      <Execution id="f095a66a-0347-423c-af64-d00ac03d187f" />
      <TestMethod codeBase="C:\Users\piyus\OneDrive\Desktop\MovieBookingApp\MovieBookingApp.Tests\bin\Debug\net7.0\MovieBookingApp.Tests.dll" adapterTypeName="executor://nunit3testexecutor/" className="MovieBookingApp.Tests.Services.MovieServiceTests" name="SearchMovie_MovieNameNotFound_ReturnsEmptyList" />
    </UnitTest>
    <UnitTest name="ViewAllMovies_ReturnsNoContent_WhenNoMoviesExist" storage="c:\users\piyus\onedrive\desktop\moviebookingapp\moviebookingapp.tests\bin\debug\net7.0\moviebookingapp.tests.dll" id="30492b54-ca9f-b4b7-e18d-b3faa0b71416">
      <Execution id="37ce838e-8a1c-40c1-b8d1-5f9a9a73b635" />
      <TestMethod codeBase="C:\Users\piyus\OneDrive\Desktop\MovieBookingApp\MovieBookingApp.Tests\bin\Debug\net7.0\MovieBookingApp.Tests.dll" adapterTypeName="executor://nunit3testexecutor/" className="MovieBookingApp.Tests.Controllers.MovieControllerTests" name="ViewAllMovies_ReturnsNoContent_WhenNoMoviesExist" />
    </UnitTest>
    <UnitTest name="SearchMovie_NoMoviesFound_ReturnsNoContent" storage="c:\users\piyus\onedrive\desktop\moviebookingapp\moviebookingapp.tests\bin\debug\net7.0\moviebookingapp.tests.dll" id="d60a3702-0358-0b54-8a1f-37c1ad583204">
      <Execution id="a107dd75-85e3-4ca1-a7eb-7809a3d25f83" />
      <TestMethod codeBase="C:\Users\piyus\OneDrive\Desktop\MovieBookingApp\MovieBookingApp.Tests\bin\Debug\net7.0\MovieBookingApp.Tests.dll" adapterTypeName="executor://nunit3testexecutor/" className="MovieBookingApp.Tests.Controllers.MovieControllerTests" name="SearchMovie_NoMoviesFound_ReturnsNoContent" />
    </UnitTest>
    <UnitTest name="AddTickets_TicketNotAdded_ReturnsBadRequest" storage="c:\users\piyus\onedrive\desktop\moviebookingapp\moviebookingapp.tests\bin\debug\net7.0\moviebookingapp.tests.dll" id="21c5f28b-ade7-0ff1-6488-36c4f416999c">
      <Execution id="50615c8a-6ba3-4b22-aa69-989c0923f87a" />
      <TestMethod codeBase="C:\Users\piyus\OneDrive\Desktop\MovieBookingApp\MovieBookingApp.Tests\bin\Debug\net7.0\MovieBookingApp.Tests.dll" adapterTypeName="executor://nunit3testexecutor/" className="MovieBookingApp.Tests.Controllers.TicketControllerTests" name="AddTickets_TicketNotAdded_ReturnsBadRequest" />
    </UnitTest>
  </TestDefinitions>
  <TestEntries>
    <TestEntry testId="31d6f752-337a-2d20-c54e-dd1b78ef9bdb" executionId="1a16bc9c-0139-47ed-bd99-74b844afc12a" testListId="8c84fa94-04c1-424b-9868-57a2d4851a1d" />
    <TestEntry testId="ea93469f-b5b5-4693-f958-25a9d1237604" executionId="a73696c6-a479-4984-837a-6132665c84e1" testListId="8c84fa94-04c1-424b-9868-57a2d4851a1d" />
    <TestEntry testId="5cb7c359-e0ad-658e-9c05-77d5b92564cb" executionId="b50c8939-c5fe-4c77-aad8-647703f57a82" testListId="8c84fa94-04c1-424b-9868-57a2d4851a1d" />
    <TestEntry testId="4f8f91bd-21fb-b74e-a4e7-e5b4c12e9042" executionId="2d975315-8c07-464b-a700-bd0b325bdc37" testListId="8c84fa94-04c1-424b-9868-57a2d4851a1d" />
    <TestEntry testId="6be6730f-e1f8-5b43-ab2d-3975a7107e19" executionId="97ec06ba-4d28-4f0d-b664-1d5b2ec71541" testListId="8c84fa94-04c1-424b-9868-57a2d4851a1d" />
    <TestEntry testId="db683ed4-f2ac-3ac3-3edb-c0026edb81e8" executionId="0c1f2415-63eb-4393-b7b9-3885fb222cdb" testListId="8c84fa94-04c1-424b-9868-57a2d4851a1d" />
    <TestEntry testId="8bc77013-bb20-41a1-d32b-49d4a37e349a" executionId="2d574b08-632b-420b-8a27-929975ff7b0d" testListId="8c84fa94-04c1-424b-9868-57a2d4851a1d" />
    <TestEntry testId="6d46981f-e911-ff0f-8021-2d23f9556cdf" executionId="0536cdf1-571b-404c-b70a-85cc1fc14680" testListId="8c84fa94-04c1-424b-9868-57a2d4851a1d" />
    <TestEntry testId="e5ab3ab7-ba0e-57a1-78f0-6ea64526d007" executionId="8ff1219c-e713-47fb-b626-5fbb555f92dd" testListId="8c84fa94-04c1-424b-9868-57a2d4851a1d" />
    <TestEntry testId="21c5f28b-ade7-0ff1-6488-36c4f416999c" executionId="50615c8a-6ba3-4b22-aa69-989c0923f87a" testListId="8c84fa94-04c1-424b-9868-57a2d4851a1d" />
    <TestEntry testId="5062c882-ded3-2526-92aa-6557fa7bb04b" executionId="ee70ba9e-6836-401a-adbb-11700f8160b8" testListId="8c84fa94-04c1-424b-9868-57a2d4851a1d" />
    <TestEntry testId="b97728e7-2711-066f-2331-635a158d405a" executionId="1dc6cc5b-71bc-40d1-8ac5-7d0647c34c9e" testListId="8c84fa94-04c1-424b-9868-57a2d4851a1d" />
    <TestEntry testId="6d679700-a779-455f-fed8-c901368ca640" executionId="8f4ac4e6-13df-411a-9df4-e2a3fa836412" testListId="8c84fa94-04c1-424b-9868-57a2d4851a1d" />
    <TestEntry testId="f2fe159c-ab57-d666-eb67-a050aa0d6442" executionId="a705c474-8b5d-4dbc-8b75-df5e2236eab3" testListId="8c84fa94-04c1-424b-9868-57a2d4851a1d" />
    <TestEntry testId="28168575-80ae-86b4-ea8a-5ef9edb04fc2" executionId="f095a66a-0347-423c-af64-d00ac03d187f" testListId="8c84fa94-04c1-424b-9868-57a2d4851a1d" />
    <TestEntry testId="faba66a4-be4d-ff21-15e7-52129aeb8490" executionId="b6b63b6d-ccd1-4655-9d2e-5f86ebc62705" testListId="8c84fa94-04c1-424b-9868-57a2d4851a1d" />
    <TestEntry testId="cffaae01-571a-4b33-3873-5e6d62102ea9" executionId="37fff9a0-c1aa-4a07-a37a-3c53b02d00b1" testListId="8c84fa94-04c1-424b-9868-57a2d4851a1d" />
    <TestEntry testId="4ff4b286-9ed1-85f8-0d60-27bc6e9b7241" executionId="2f1503da-63da-4316-a55e-2ba6b96308f0" testListId="8c84fa94-04c1-424b-9868-57a2d4851a1d" />
    <TestEntry testId="6e5c259b-530c-3ea3-549e-22a604f23d97" executionId="aaf86886-df61-4cc9-b4b9-9912d3ba16f3" testListId="8c84fa94-04c1-424b-9868-57a2d4851a1d" />
    <TestEntry testId="6b7c6e7c-e170-7d5e-4fe9-e48bdae6de6b" executionId="7ebd20e4-0440-4b0d-8d52-fe2daf53cbfe" testListId="8c84fa94-04c1-424b-9868-57a2d4851a1d" />
    <TestEntry testId="d60a3702-0358-0b54-8a1f-37c1ad583204" executionId="a107dd75-85e3-4ca1-a7eb-7809a3d25f83" testListId="8c84fa94-04c1-424b-9868-57a2d4851a1d" />
    <TestEntry testId="d5fed88a-3f35-ce40-d683-743a5259a59c" executionId="2ea8e67e-0f2c-485d-9240-bd7d67c133f9" testListId="8c84fa94-04c1-424b-9868-57a2d4851a1d" />
    <TestEntry testId="30492b54-ca9f-b4b7-e18d-b3faa0b71416" executionId="37ce838e-8a1c-40c1-b8d1-5f9a9a73b635" testListId="8c84fa94-04c1-424b-9868-57a2d4851a1d" />
    <TestEntry testId="a3c421ff-b463-dfec-c32e-d5ee4f91cb8d" executionId="b1e8872a-11c7-4ef9-a2bf-1505173c3c9f" testListId="8c84fa94-04c1-424b-9868-57a2d4851a1d" />
    <TestEntry testId="7666eef7-09b7-b008-18b6-a886b40ae2a2" executionId="dfd59354-cc16-48ab-8993-86d5e559bdd0" testListId="8c84fa94-04c1-424b-9868-57a2d4851a1d" />
    <TestEntry testId="4869d4ac-5a5f-b3c9-3e6a-fcf59d8fff93" executionId="dfcaa4d5-c5bb-4c8c-bac1-721cd1d5bbce" testListId="8c84fa94-04c1-424b-9868-57a2d4851a1d" />
    <TestEntry testId="04679873-a0c1-d101-f658-c8730580b773" executionId="88b5dc31-c229-48c9-b407-c9fa5726df66" testListId="8c84fa94-04c1-424b-9868-57a2d4851a1d" />
    <TestEntry testId="c13f92a1-b54b-1deb-5434-1998e04c2784" executionId="ba38b24b-db8d-4097-9015-2b3da9a08e5d" testListId="8c84fa94-04c1-424b-9868-57a2d4851a1d" />
    <TestEntry testId="6d560555-7a8d-12f8-22e7-ca333b01c65f" executionId="4ff2d323-99df-4263-bd20-7220f89b9929" testListId="8c84fa94-04c1-424b-9868-57a2d4851a1d" />
    <TestEntry testId="cf952ec8-0ced-3b76-2be9-33fdc7756c5e" executionId="789bb05f-cadb-4c92-a33d-df1ddf4c7a46" testListId="8c84fa94-04c1-424b-9868-57a2d4851a1d" />
    <TestEntry testId="bd8febb8-7ff1-b47a-69d4-23dbc555d726" executionId="0c6b3904-4b91-480a-b6c3-ac661964acea" testListId="8c84fa94-04c1-424b-9868-57a2d4851a1d" />
  </TestEntries>
  <TestLists>
    <TestList name="Results Not in a List" id="8c84fa94-04c1-424b-9868-57a2d4851a1d" />
    <TestList name="All Loaded Results" id="19431567-8539-422a-85d7-44ee4e166bda" />
  </TestLists>
  <ResultSummary outcome="Completed">
    <Counters total="31" executed="31" passed="31" failed="0" error="0" timeout="0" aborted="0" inconclusive="0" passedButRunAborted="0" notRunnable="0" notExecuted="0" disconnected="0" warning="0" completed="0" inProgress="0" pending="0" />
    <Output>
      <StdOut>NUnit Adapter 4.3.0.0: Test execution started&#xD;
Running all tests in C:\Users\piyus\OneDrive\Desktop\MovieBookingApp\MovieBookingApp.Tests\bin\Debug\net7.0\MovieBookingApp.Tests.dll&#xD;
   NUnit3TestExecutor discovered 31 of 31 NUnit test cases using Current Discovery mode, Non-Explicit run&#xD;
NUnit Adapter 4.3.0.0: Test execution complete&#xD;
</StdOut>
    </Output>
  </ResultSummary>
</TestRun>